#
# There is insufficient memory for the Java Runtime Environment to continue.
# Native memory allocation (mmap) failed to map 268435456 bytes for G1 virtual space
# Possible reasons:
#   The system is out of physical RAM or swap space
#   The process is running with CompressedOops enabled, and the Java Heap may be blocking the growth of the native heap
# Possible solutions:
#   Reduce memory load on the system
#   Increase physical memory or swap space
#   Check if swap backing store is full
#   Decrease Java heap size (-Xmx/-Xms)
#   Decrease number of Java threads
#   Decrease Java thread stack sizes (-Xss)
#   Set larger code cache with -XX:ReservedCodeCacheSize=
#   JVM is running with Zero Based Compressed Oops mode in which the Java heap is
#     placed in the first 32GB address space. The Java Heap base address is the
#     maximum limit for the native heap growth. Please use -XX:HeapBaseMinAddress
#     to set the Java Heap base and to place the Java Heap above 32GB virtual address.
# This output file may be truncated or incomplete.
#
#  Out of Memory Error (os_windows.cpp:3469), pid=11444, tid=26040
#
# JRE version:  (17.0+35) (build )
# Java VM: Java HotSpot(TM) 64-Bit Server VM (17+35-LTS-2724, mixed mode, sharing, tiered, compressed oops, compressed class ptrs, g1 gc, windows-amd64)
# No core dump will be written. Minidumps are not enabled by default on client versions of Windows
#

---------------  S U M M A R Y ------------

Command Line: -Dfile.encoding=UTF-8 -Dstdout.encoding=UTF-8 -Dstderr.encoding=UTF-8 -XX:+ShowCodeDetailsInExceptionMessages com.itp.ITPJan2026Springboot.ItpJan2026SpringbootApplication

Host: Intel(R) Core(TM) i7-6650U CPU @ 2.20GHz, 4 cores, 15G,  Windows 10 , 64 bit Build 19041 (10.0.19041.5915)
Time: Wed Aug  5 10:37:31 2026 India Standard Time elapsed time: 0.046042 seconds (0d 0h 0m 0s)

---------------  T H R E A D  ---------------

Current thread (0x000002e63beb15e0):  JavaThread "Unknown thread" [_thread_in_vm, id=26040, stack(0x000000faa2400000,0x000000faa2500000)]

Stack: [0x000000faa2400000,0x000000faa2500000]
Native frames: (J=compiled Java code, j=interpreted, Vv=VM code, C=native code)
V  [jvm.dll+0x66f8ea]
V  [jvm.dll+0x7ce224]
V  [jvm.dll+0x7cf9ce]
V  [jvm.dll+0x7d0033]
V  [jvm.dll+0x242bb5]
V  [jvm.dll+0x66c909]
V  [jvm.dll+0x6613d2]
V  [jvm.dll+0x30082b]
V  [jvm.dll+0x307db6]
V  [jvm.dll+0x357a0e]
V  [jvm.dll+0x357c3f]
V  [jvm.dll+0x2d7ae8]
V  [jvm.dll+0x2d8a54]
V  [jvm.dll+0x7a00a1]
V  [jvm.dll+0x365781]
V  [jvm.dll+0x77f59c]
V  [jvm.dll+0x3e805f]
V  [jvm.dll+0x3e9b01]
C  [jli.dll+0x527b]
C  [ucrtbase.dll+0x21bb2]
C  [KERNEL32.DLL+0x17374]
C  [ntdll.dll+0x4cc91]


---------------  P R O C E S S  ---------------

Threads class SMR info:
_java_thread_list=0x00007ffb23087818, length=0, elements={
}

Java Threads: ( => current thread )

Other Threads:
  0x000002e63bf019e0 GCTaskThread "GC Thread#0" [stack: 0x000000faa2500000,0x000000faa2600000] [id=7664]
  0x000002e63bf13680 ConcurrentGCThread "G1 Main Marker" [stack: 0x000000faa2600000,0x000000faa2700000] [id=24024]
  0x000002e63bf14880 ConcurrentGCThread "G1 Conc#0" [stack: 0x000000faa2700000,0x000000faa2800000] [id=19876]

[error occurred during error reporting (printing all threads), id 0xc0000005, EXCEPTION_ACCESS_VIOLATION (0xc0000005) at pc=0x00007ffb228d84c7]

VM state: not at safepoint (not fully initialized)

VM Mutex/Monitor currently owned by a thread:  ([mutex/lock_event])
[0x000002e63beae140] Heap_lock - owner thread: 0x000002e63beb15e0

Heap address: 0x0000000701c00000, size: 4068 MB, Compressed Oops mode: Zero based, Oop shift amount: 3

CDS archive(s) mapped at: [0x0000000000000000-0x0000000000000000-0x0000000000000000), size 0, SharedBaseAddress: 0x0000000800000000, ArchiveRelocationMode: 0.
Narrow klass base: 0x0000000000000000, Narrow klass shift: 0, Narrow klass range: 0x0

GC Precious Log:
<Empty>

Heap:
 garbage-first heap   total 0K, used 0K [0x0000000701c00000, 0x0000000800000000)
  region size 2048K, 0 young (0K), 0 survivors (0K)

[error occurred during error reporting (printing heap information), id 0xc0000005, EXCEPTION_ACCESS_VIOLATION (0xc0000005) at pc=0x00007ffb22cb8c59]

GC Heap History (0 events):
No events

Deoptimization events (0 events):
No events

Classes unloaded (0 events):
No events

Classes redefined (0 events):
No events

Internal exceptions (0 events):
No events

VM Operations (0 events):
No events

Events (1 events):
Event: 0.032 Loaded shared library C:\Program Files\Java\jdk-17\bin\java.dll


Dynamic libraries:
0x00007ff65a780000 - 0x00007ff65a790000 	C:\Program Files\Java\jdk-17\bin\javaw.exe
0x00007ffbb02b0000 - 0x00007ffbb04a8000 	C:\Windows\SYSTEM32\ntdll.dll
0x00007ffbaf690000 - 0x00007ffbaf752000 	C:\Windows\System32\KERNEL32.DLL
0x00007ffbadd20000 - 0x00007ffbae016000 	C:\Windows\System32\KERNELBASE.dll
0x00007ffbad9d0000 - 0x00007ffbadad0000 	C:\Windows\System32\ucrtbase.dll
0x00007ffba7fd0000 - 0x00007ffba7fe8000 	C:\Program Files\Java\jdk-17\bin\jli.dll
0x00007ffbaf9b0000 - 0x00007ffbafa61000 	C:\Windows\System32\ADVAPI32.dll
0x00007ffbafef0000 - 0x00007ffbaff8e000 	C:\Windows\System32\msvcrt.dll
0x00007ffbaf760000 - 0x00007ffbaf7ff000 	C:\Windows\System32\sechost.dll
0x00007ffbaf800000 - 0x00007ffbaf920000 	C:\Windows\System32\RPCRT4.dll
0x00007ffbadcf0000 - 0x00007ffbadd17000 	C:\Windows\System32\bcrypt.dll
0x00007ffbafff0000 - 0x00007ffbb0191000 	C:\Windows\System32\USER32.dll
0x00007ffbae140000 - 0x00007ffbae162000 	C:\Windows\System32\win32u.dll
0x00007ffbafec0000 - 0x00007ffbafeeb000 	C:\Windows\System32\GDI32.dll
0x00007ffbae020000 - 0x00007ffbae139000 	C:\Windows\System32\gdi32full.dll
0x00007ffbadbd0000 - 0x00007ffbadc6d000 	C:\Windows\System32\msvcp_win.dll
0x00007ffb93870000 - 0x00007ffb9388a000 	C:\Program Files\Java\jdk-17\bin\VCRUNTIME140.dll
0x00007ffb997c0000 - 0x00007ffb99a5b000 	C:\Windows\WinSxS\amd64_microsoft.windows.common-controls_6595b64144ccf1df_6.0.19041.6456_none_60b8a6cb71f64256\COMCTL32.dll
0x00007ffba4570000 - 0x00007ffba457a000 	C:\Windows\SYSTEM32\VERSION.dll
0x00007ffbaea80000 - 0x00007ffbaeaaf000 	C:\Windows\System32\IMM32.DLL
0x00007ffba7fc0000 - 0x00007ffba7fcc000 	C:\Program Files\Java\jdk-17\bin\vcruntime140_1.dll
0x00007ffb81dc0000 - 0x00007ffb81e4d000 	C:\Program Files\Java\jdk-17\bin\msvcp140.dll
0x00007ffb225f0000 - 0x00007ffb231ae000 	C:\Program Files\Java\jdk-17\bin\server\jvm.dll
0x00007ffbafeb0000 - 0x00007ffbafeb8000 	C:\Windows\System32\PSAPI.DLL
0x00007ffba6860000 - 0x00007ffba6869000 	C:\Windows\SYSTEM32\WSOCK32.dll
0x00007ffbaf940000 - 0x00007ffbaf9ab000 	C:\Windows\System32\WS2_32.dll
0x00007ffb995e0000 - 0x00007ffb99607000 	C:\Windows\SYSTEM32\WINMM.dll
0x00007ffbac150000 - 0x00007ffbac162000 	C:\Windows\SYSTEM32\kernel.appcore.dll
0x00007ffba2cf0000 - 0x00007ffba2cfa000 	C:\Program Files\Java\jdk-17\bin\jimage.dll
0x00007ffbab640000 - 0x00007ffbab841000 	C:\Windows\SYSTEM32\DBGHELP.DLL
0x00007ffb88ea0000 - 0x00007ffb88ed4000 	C:\Windows\SYSTEM32\dbgcore.DLL
0x00007ffbad940000 - 0x00007ffbad9c2000 	C:\Windows\System32\bcryptPrimitives.dll
0x00007ffb93820000 - 0x00007ffb93845000 	C:\Program Files\Java\jdk-17\bin\java.dll

dbghelp: loaded successfully - version: 4.0.5 - missing functions: none
symbol engine: initialized successfully - sym options: 0x614 - pdb path: .;C:\Program Files\Java\jdk-17\bin;C:\Windows\SYSTEM32;C:\Windows\WinSxS\amd64_microsoft.windows.common-controls_6595b64144ccf1df_6.0.19041.6456_none_60b8a6cb71f64256;C:\Program Files\Java\jdk-17\bin\server

VM Arguments:
jvm_args: -Dfile.encoding=UTF-8 -Dstdout.encoding=UTF-8 -Dstderr.encoding=UTF-8 -XX:+ShowCodeDetailsInExceptionMessages 
java_command: com.itp.ITPJan2026Springboot.ItpJan2026SpringbootApplication
java_class_path (initial): D:\EclipseJavaprogs2\ITPJan2026Springboot\target\classes;C:\Users\Umer Solanki\.m2\repository\org\springframework\boot\spring-boot-starter-data-jpa\4.1.0\spring-boot-starter-data-jpa-4.1.0.jar;C:\Users\Umer Solanki\.m2\repository\org\springframework\boot\spring-boot-starter\4.1.0\spring-boot-starter-4.1.0.jar;C:\Users\Umer Solanki\.m2\repository\org\springframework\boot\spring-boot-starter-logging\4.1.0\spring-boot-starter-logging-4.1.0.jar;C:\Users\Umer Solanki\.m2\repository\ch\qos\logback\logback-classic\1.5.34\logback-classic-1.5.34.jar;C:\Users\Umer Solanki\.m2\repository\ch\qos\logback\logback-core\1.5.34\logback-core-1.5.34.jar;C:\Users\Umer Solanki\.m2\repository\org\apache\logging\log4j\log4j-to-slf4j\2.25.4\log4j-to-slf4j-2.25.4.jar;C:\Users\Umer Solanki\.m2\repository\org\apache\logging\log4j\log4j-api\2.25.4\log4j-api-2.25.4.jar;C:\Users\Umer Solanki\.m2\repository\org\slf4j\jul-to-slf4j\2.0.18\jul-to-slf4j-2.0.18.jar;C:\Users\Umer Solanki\.m2\repository\jakarta\annotation\jakarta.annotation-api\3.0.0\jakarta.annotation-api-3.0.0.jar;C:\Users\Umer Solanki\.m2\repository\org\yaml\snakeyaml\2.6\snakeyaml-2.6.jar;C:\Users\Umer Solanki\.m2\repository\org\springframework\boot\spring-boot-starter-jdbc\4.1.0\spring-boot-starter-jdbc-4.1.0.jar;C:\Users\Umer Solanki\.m2\repository\com\zaxxer\HikariCP\7.0.2\HikariCP-7.0.2.jar;C:\Users\Umer Solanki\.m2\repository\org\slf4j\slf4j-api\2.0.18\slf4j-api-2.0.18.jar;C:\Users\Umer Solanki\.m2\repository\org\springframework\boot\spring-boot-data-jpa\4.1.0\spring-boot-data-jpa-4.1.0.jar;C:\Users\Umer Solanki\.m2\repository\org\springframework\boot\spring-boot-data-commons\4.1.0\spring-boot-data-commons-4.1.0.jar;C:\Users\Umer Solanki\.m2\repository\org\springframework\boot\spring-boot-persistence\4.1.0\spring-boot-persistence-4.1.0.jar;C:\Users\Umer Solanki\.m2\repository\org\springframework\data\spring-data-commons\4.1.0\spring-data-commons-4.1.0.jar;C:\Users\Umer Solanki\.m2\repository\org\spr
Launcher Type: SUN_STANDARD

[Global flags]
     intx CICompilerCount                          = 3                                         {product} {ergonomic}
     uint ConcGCThreads                            = 1                                         {product} {ergonomic}
     uint G1ConcRefinementThreads                  = 4                                         {product} {ergonomic}
   size_t G1HeapRegionSize                         = 2097152                                   {product} {ergonomic}
    uintx GCDrainStackTargetSize                   = 64                                        {product} {ergonomic}
   size_t InitialHeapSize                          = 268435456                                 {product} {ergonomic}
   size_t MarkStackSize                            = 4194304                                   {product} {ergonomic}
   size_t MaxHeapSize                              = 4265607168                                {product} {ergonomic}
   size_t MinHeapDeltaBytes                        = 2097152                                   {product} {ergonomic}
   size_t MinHeapSize                              = 8388608                                   {product} {ergonomic}
    uintx NonNMethodCodeHeapSize                   = 5832780                                {pd product} {ergonomic}
    uintx NonProfiledCodeHeapSize                  = 122912730                              {pd product} {ergonomic}
    uintx ProfiledCodeHeapSize                     = 122912730                              {pd product} {ergonomic}
    uintx ReservedCodeCacheSize                    = 251658240                              {pd product} {ergonomic}
     bool SegmentedCodeCache                       = true                                      {product} {ergonomic}
     bool ShowCodeDetailsInExceptionMessages       = true                                   {manageable} {command line}
   size_t SoftMaxHeapSize                          = 4265607168                             {manageable} {ergonomic}
     bool UseCompressedClassPointers               = true                           {product lp64_product} {ergonomic}
     bool UseCompressedOops                        = true                           {product lp64_product} {ergonomic}
     bool UseG1GC                                  = true                                      {product} {ergonomic}
     bool UseLargePagesIndividualAllocation        = false                                  {pd product} {ergonomic}

Logging:
Log output configuration:
 #0: stdout all=warning uptime,level,tags
 #1: stderr all=off uptime,level,tags

Environment Variables:
PATH=C:/Users/Umer Solanki/.p2/pool/plugins/org.eclipse.justj.openjdk.hotspot.jre.full.win32.x86_64_23.0.2.v20250131-0604/jre/bin/server;C:/Users/Umer Solanki/.p2/pool/plugins/org.eclipse.justj.openjdk.hotspot.jre.full.win32.x86_64_23.0.2.v20250131-0604/jre/bin;C:\Program Files\Common Files\Oracle\Java\javapath;C:\Program Files (x86)\Common Files\Oracle\Java\javapath;C:\Python313\Scripts\;C:\Python313\;C:\Windows\system32;C:\Windows;C:\Windows\System32\Wbem;C:\Windows\System32\WindowsPowerShell\v1.0\;C:\Windows\System32\OpenSSH\;C:\Program Files\nodejs\;C:\ProgramData\chocolatey\bin;C:\Program Files\Git\cmd;C:\Users\Umer Solanki\AppData\Local\Microsoft\WindowsApps;C:\Users\Umer Solanki\AppData\Roaming\npm;C:\Users\Umer Solanki\AppData\Local\Programs\Microsoft VS Code\bin;C:\Users\Umer Solanki\AppData\Local\Programs\cursor\resources\app\bin;C:\Windows\system32;
USERNAME=Umer Solanki
OS=Windows_NT
PROCESSOR_IDENTIFIER=Intel64 Family 6 Model 78 Stepping 3, GenuineIntel



---------------  S Y S T E M  ---------------

OS:
 Windows 10 , 64 bit Build 19041 (10.0.19041.5915)
OS uptime: 4 days 0:52 hours

CPU: total 4 (initial active 4) (2 cores per cpu, 2 threads per core) family 6 model 78 stepping 3 microcode 0xec, cx8, cmov, fxsr, ht, mmx, 3dnowpref, sse, sse2, sse3, ssse3, sse4.1, sse4.2, popcnt, lzcnt, tsc, tscinvbit, avx, avx2, aes, erms, clmul, bmi1, bmi2, rtm, adx, fma, vzeroupper, clflush, clflushopt

Memory: 4k page, system-wide physical 16267M (2379M free)
TotalPageFile size 29184M (AvailPageFile size 236M)
current process WorkingSet (physical memory assigned to process): 10M, peak: 10M
current process commit charge ("private bytes"): 51M, peak: 307M

vm_info: Java HotSpot(TM) 64-Bit Server VM (17+35-LTS-2724) for windows-amd64 JRE (17+35-LTS-2724), built on Aug  5 2021 23:28:28 by "mach5one" with MS VC++ 16.8 (VS2019)

END.
