#
# There is insufficient memory for the Java Runtime Environment to continue.
# Native memory allocation (mmap) failed to map 65536 bytes for Failed to commit metaspace.
# Possible reasons:
#   The system is out of physical RAM or swap space
#   The process is running with CompressedOops enabled, and the Java Heap may be blocking the growth of the native heap
# Possible solutions:
#   Reduce memory load on the system
#   Increase physical memory or swap space
#   Check if swap backing store is full
#   Decrease Java heap size (-Xmx/-Xms)
#   Decrease number of Java threads
#   Decrease Java thread stack sizes (-Xss)
#   Set larger code cache with -XX:ReservedCodeCacheSize=
#   JVM is running with Zero Based Compressed Oops mode in which the Java heap is
#     placed in the first 32GB address space. The Java Heap base address is the
#     maximum limit for the native heap growth. Please use -XX:HeapBaseMinAddress
#     to set the Java Heap base and to place the Java Heap above 32GB virtual address.
# This output file may be truncated or incomplete.
#
#  Out of Memory Error (virtualSpaceNode.cpp:110), pid=20352, tid=13584
#
# JRE version: Java(TM) SE Runtime Environment (17.0+35) (build 17+35-LTS-2724)
# Java VM: Java HotSpot(TM) 64-Bit Server VM (17+35-LTS-2724, mixed mode, sharing, tiered, compressed oops, compressed class ptrs, g1 gc, windows-amd64)
# No core dump will be written. Minidumps are not enabled by default on client versions of Windows
#

---------------  S U M M A R Y ------------

Command Line: -Dfile.encoding=UTF-8 -Dstdout.encoding=UTF-8 -Dstderr.encoding=UTF-8 -XX:+ShowCodeDetailsInExceptionMessages com.itp.ITPJan2026Springboot.ItpJan2026SpringbootApplication

Host: Intel(R) Core(TM) i7-6650U CPU @ 2.20GHz, 4 cores, 15G,  Windows 10 , 64 bit Build 19041 (10.0.19041.5915)
Time: Wed Aug  5 10:37:17 2026 India Standard Time elapsed time: 1.377129 seconds (0d 0h 0m 1s)

---------------  T H R E A D  ---------------

Current thread (0x000001ed114715e0):  JavaThread "main" [_thread_in_vm, id=13584, stack(0x000000b914700000,0x000000b914800000)]

Stack: [0x000000b914700000,0x000000b914800000]
Native frames: (J=compiled Java code, j=interpreted, Vv=VM code, C=native code)
V  [jvm.dll+0x66f8ea]
V  [jvm.dll+0x7ce224]
V  [jvm.dll+0x7cf9ce]
V  [jvm.dll+0x7d0033]
V  [jvm.dll+0x242bb5]
V  [jvm.dll+0x7ca1cb]
V  [jvm.dll+0x615a46]
V  [jvm.dll+0x615aaa]
V  [jvm.dll+0x6182ba]
V  [jvm.dll+0x6163e6]
V  [jvm.dll+0x238617]
V  [jvm.dll+0x1e3ad3]
V  [jvm.dll+0x1e8886]
V  [jvm.dll+0x1de2e1]
V  [jvm.dll+0x5375c0]
V  [jvm.dll+0x1eea87]
V  [jvm.dll+0x7489cb]
V  [jvm.dll+0x749d72]
V  [jvm.dll+0x74a0a8]
V  [jvm.dll+0x23af0e]
V  [jvm.dll+0x23b15f]
V  [jvm.dll+0x555418]
V  [jvm.dll+0x558280]
V  [jvm.dll+0x37ef57]
V  [jvm.dll+0x37e5af]
C  0x000001ed18c8a60c

Java frames: (J=compiled Java code, j=interpreted, Vv=VM code)
j  sun.net.www.protocol.jar.JarURLConnection.<clinit>()V+0 java.base@17
v  ~StubRoutines::call_stub
j  sun.net.www.protocol.jar.Handler.openConnection(Ljava/net/URL;)Ljava/net/URLConnection;+0 java.base@17
j  java.net.URL.openConnection()Ljava/net/URLConnection;+5 java.base@17
j  java.util.ServiceLoader$LazyClassPathLookupIterator.parse(Ljava/net/URL;)Ljava/util/Iterator;+9 java.base@17
j  java.util.ServiceLoader$LazyClassPathLookupIterator.nextProviderClass()Ljava/lang/Class;+176 java.base@17
j  java.util.ServiceLoader$LazyClassPathLookupIterator.hasNextService()Z+15 java.base@17
j  java.util.ServiceLoader$LazyClassPathLookupIterator.hasNext()Z+11 java.base@17
j  java.util.ServiceLoader$2.hasNext()Z+16 java.base@17
j  java.util.ServiceLoader$3.hasNext()Z+32 java.base@17
j  org.apache.logging.log4j.util.ServiceLoaderUtil$ServiceLoaderSpliterator.tryAdvance(Ljava/util/function/Consumer;)Z+14
j  java.util.Spliterator.forEachRemaining(Ljava/util/function/Consumer;)V+2 java.base@17
j  java.util.stream.AbstractPipeline.copyInto(Ljava/util/stream/Sink;Ljava/util/Spliterator;)V+32 java.base@17
j  java.util.stream.AbstractPipeline.wrapAndCopyInto(Ljava/util/stream/Sink;Ljava/util/Spliterator;)Ljava/util/stream/Sink;+13 java.base@17
j  java.util.stream.ForEachOps$ForEachOp.evaluateSequential(Ljava/util/stream/PipelineHelper;Ljava/util/Spliterator;)Ljava/lang/Void;+3 java.base@17
j  java.util.stream.ForEachOps$ForEachOp$OfRef.evaluateSequential(Ljava/util/stream/PipelineHelper;Ljava/util/Spliterator;)Ljava/lang/Object;+3 java.base@17
j  java.util.stream.AbstractPipeline.evaluate(Ljava/util/stream/TerminalOp;)Ljava/lang/Object;+88 java.base@17
j  java.util.stream.ReferencePipeline.forEach(Ljava/util/function/Consumer;)V+6 java.base@17
j  org.apache.logging.log4j.util.PropertiesUtil$Environment.<init>(Lorg/apache/logging/log4j/util/PropertySource;)V+104
j  org.apache.logging.log4j.util.PropertiesUtil$Environment.<init>(Lorg/apache/logging/log4j/util/PropertySource;Lorg/apache/logging/log4j/util/PropertiesUtil$1;)V+2
j  org.apache.logging.log4j.util.PropertiesUtil.<init>(Lorg/apache/logging/log4j/util/PropertySource;)V+11
j  org.apache.logging.log4j.util.PropertiesUtil.<init>(Ljava/lang/String;Z)V+10
j  org.apache.logging.log4j.util.PropertiesUtil.lambda$static$0()Lorg/apache/logging/log4j/util/PropertiesUtil;+8
j  org.apache.logging.log4j.util.PropertiesUtil$$Lambda$15+0x0000000800c0a000.get()Ljava/lang/Object;+0
j  org.apache.logging.log4j.util.LazyUtil$SafeLazy.value()Ljava/lang/Object;+31
j  org.apache.logging.log4j.util.Lazy.get()Ljava/lang/Object;+1
j  org.apache.logging.log4j.util.PropertiesUtil.getProperties()Lorg/apache/logging/log4j/util/PropertiesUtil;+3
j  org.apache.logging.log4j.util.LoaderUtil.isIgnoreTccl()Z+6
j  org.apache.logging.log4j.util.LoaderUtil.loadClass(Ljava/lang/String;)Ljava/lang/Class;+0
j  org.apache.logging.slf4j.SLF4JLoggerContextFactory.<init>()V+8
j  org.apache.logging.slf4j.SLF4JProvider.<clinit>()V+4
v  ~StubRoutines::call_stub
j  java.lang.Class.forName0(Ljava/lang/String;ZLjava/lang/ClassLoader;Ljava/lang/Class;)Ljava/lang/Class;+0 java.base@17
j  java.lang.Class.forName(Ljava/lang/String;ZLjava/lang/ClassLoader;)Ljava/lang/Class;+43 java.base@17
j  org.apache.commons.logging.LogFactory.isClassAvailable(Ljava/lang/String;Ljava/lang/ClassLoader;)Z+13
j  org.apache.commons.logging.LogFactory.newStandardFactory(Ljava/lang/ClassLoader;)Lorg/apache/commons/logging/LogFactory;+4
j  org.apache.commons.logging.LogFactory.getFactory()Lorg/apache/commons/logging/LogFactory;+449
j  org.apache.commons.logging.LogFactory.getLog(Ljava/lang/Class;)Lorg/apache/commons/logging/Log;+0
j  org.springframework.boot.SpringApplication.<clinit>()V+2
v  ~StubRoutines::call_stub
j  com.itp.ITPJan2026Springboot.ItpJan2026SpringbootApplication.main([Ljava/lang/String;)V+3
v  ~StubRoutines::call_stub

---------------  P R O C E S S  ---------------

Threads class SMR info:
_java_thread_list=0x000001ed344fe340, length=12, elements={
0x000001ed114715e0, 0x000001ed33864e90, 0x000001ed33866840, 0x000001ed338785b0,
0x000001ed3387af80, 0x000001ed3387b840, 0x000001ed3387e110, 0x000001ed3387edb0,
0x000001ed338be940, 0x000001ed3442ec90, 0x000001ed344f03d0, 0x000001ed34504af0
}

Java Threads: ( => current thread )
=>0x000001ed114715e0 JavaThread "main" [_thread_in_vm, id=13584, stack(0x000000b914700000,0x000000b914800000)]
  0x000001ed33864e90 JavaThread "Reference Handler" daemon [_thread_blocked, id=22204, stack(0x000000b914e00000,0x000000b914f00000)]
  0x000001ed33866840 JavaThread "Finalizer" daemon [_thread_blocked, id=23008, stack(0x000000b914f00000,0x000000b915000000)]
  0x000001ed338785b0 JavaThread "Signal Dispatcher" daemon [_thread_blocked, id=11636, stack(0x000000b915000000,0x000000b915100000)]
  0x000001ed3387af80 JavaThread "Attach Listener" daemon [_thread_blocked, id=23348, stack(0x000000b915100000,0x000000b915200000)]
  0x000001ed3387b840 JavaThread "Service Thread" daemon [_thread_blocked, id=8864, stack(0x000000b915200000,0x000000b915300000)]
  0x000001ed3387e110 JavaThread "Monitor Deflation Thread" daemon [_thread_blocked, id=19228, stack(0x000000b915300000,0x000000b915400000)]
  0x000001ed3387edb0 JavaThread "C2 CompilerThread0" daemon [_thread_blocked, id=25272, stack(0x000000b915400000,0x000000b915500000)]
  0x000001ed338be940 JavaThread "C1 CompilerThread0" daemon [_thread_blocked, id=12504, stack(0x000000b915500000,0x000000b915600000)]
  0x000001ed3442ec90 JavaThread "Sweeper thread" daemon [_thread_blocked, id=18448, stack(0x000000b915600000,0x000000b915700000)]
  0x000001ed344f03d0 JavaThread "Notification Thread" daemon [_thread_blocked, id=25856, stack(0x000000b915700000,0x000000b915800000)]
  0x000001ed34504af0 JavaThread "Common-Cleaner" daemon [_thread_blocked, id=7900, stack(0x000000b915900000,0x000000b915a00000)]

Other Threads:
  0x000001ed3385e140 VMThread "VM Thread" [stack: 0x000000b914d00000,0x000000b914e00000] [id=1804]
  0x000001ed344f08a0 WatcherThread [stack: 0x000000b915800000,0x000000b915900000] [id=21436]
  0x000001ed114c19e0 GCTaskThread "GC Thread#0" [stack: 0x000000b914800000,0x000000b914900000] [id=25052]
  0x000001ed114d3680 ConcurrentGCThread "G1 Main Marker" [stack: 0x000000b914900000,0x000000b914a00000] [id=12576]
  0x000001ed114d3fa0 ConcurrentGCThread "G1 Conc#0" [stack: 0x000000b914a00000,0x000000b914b00000] [id=7524]
  0x000001ed337220c0 ConcurrentGCThread "G1 Refine#0" [stack: 0x000000b914b00000,0x000000b914c00000] [id=23744]
  0x000001ed337238a0 ConcurrentGCThread "G1 Service" [stack: 0x000000b914c00000,0x000000b914d00000] [id=22692]

Threads with active compile tasks:

VM state: not at safepoint (normal execution)

VM Mutex/Monitor currently owned by a thread:  ([mutex/lock_event])
[0x000001ed1146c320] Metaspace_lock - owner thread: 0x000001ed114715e0

Heap address: 0x0000000701c00000, size: 4068 MB, Compressed Oops mode: Zero based, Oop shift amount: 3

CDS archive(s) mapped at: [0x0000000800000000-0x0000000800bc0000-0x0000000800bc0000), size 12320768, SharedBaseAddress: 0x0000000800000000, ArchiveRelocationMode: 0.
Compressed class space mapped at: 0x0000000800c00000-0x0000000840c00000, reserved size: 1073741824
Narrow klass base: 0x0000000800000000, Narrow klass shift: 0, Narrow klass range: 0x100000000

GC Precious Log:
 CPUs: 4 total, 4 available
 Memory: 16267M
 Large Page Support: Disabled
 NUMA Support: Disabled
 Compressed Oops: Enabled (Zero based)
 Heap Region Size: 2M
 Heap Min Capacity: 8M
 Heap Initial Capacity: 256M
 Heap Max Capacity: 4068M
 Pre-touch: Disabled
 Parallel Workers: 4
 Concurrent Workers: 1
 Concurrent Refinement Workers: 4
 Periodic GC: Disabled

Heap:
 garbage-first heap   total 262144K, used 8192K [0x0000000701c00000, 0x0000000800000000)
  region size 2048K, 6 young (12288K), 0 survivors (0K)
 Metaspace       used 1670K, committed 1728K, reserved 1056768K
  class space    used 152K, committed 192K, reserved 1048576K

Heap Regions: E=young(eden), S=young(survivor), O=old, HS=humongous(starts), HC=humongous(continues), CS=collection set, F=free, OA=open archive, CA=closed archive, TAMS=top-at-mark-start (previous, next)
|   0|0x0000000701c00000, 0x0000000701c00000, 0x0000000701e00000|  0%| F|  |TAMS 0x0000000701c00000, 0x0000000701c00000| Untracked 
|   1|0x0000000701e00000, 0x0000000701e00000, 0x0000000702000000|  0%| F|  |TAMS 0x0000000701e00000, 0x0000000701e00000| Untracked 
|   2|0x0000000702000000, 0x0000000702000000, 0x0000000702200000|  0%| F|  |TAMS 0x0000000702000000, 0x0000000702000000| Untracked 
|   3|0x0000000702200000, 0x0000000702200000, 0x0000000702400000|  0%| F|  |TAMS 0x0000000702200000, 0x0000000702200000| Untracked 
|   4|0x0000000702400000, 0x0000000702400000, 0x0000000702600000|  0%| F|  |TAMS 0x0000000702400000, 0x0000000702400000| Untracked 
|   5|0x0000000702600000, 0x0000000702600000, 0x0000000702800000|  0%| F|  |TAMS 0x0000000702600000, 0x0000000702600000| Untracked 
|   6|0x0000000702800000, 0x0000000702800000, 0x0000000702a00000|  0%| F|  |TAMS 0x0000000702800000, 0x0000000702800000| Untracked 
|   7|0x0000000702a00000, 0x0000000702a00000, 0x0000000702c00000|  0%| F|  |TAMS 0x0000000702a00000, 0x0000000702a00000| Untracked 
|   8|0x0000000702c00000, 0x0000000702c00000, 0x0000000702e00000|  0%| F|  |TAMS 0x0000000702c00000, 0x0000000702c00000| Untracked 
|   9|0x0000000702e00000, 0x0000000702e00000, 0x0000000703000000|  0%| F|  |TAMS 0x0000000702e00000, 0x0000000702e00000| Untracked 
|  10|0x0000000703000000, 0x0000000703000000, 0x0000000703200000|  0%| F|  |TAMS 0x0000000703000000, 0x0000000703000000| Untracked 
|  11|0x0000000703200000, 0x0000000703200000, 0x0000000703400000|  0%| F|  |TAMS 0x0000000703200000, 0x0000000703200000| Untracked 
|  12|0x0000000703400000, 0x0000000703400000, 0x0000000703600000|  0%| F|  |TAMS 0x0000000703400000, 0x0000000703400000| Untracked 
|  13|0x0000000703600000, 0x0000000703600000, 0x0000000703800000|  0%| F|  |TAMS 0x0000000703600000, 0x0000000703600000| Untracked 
|  14|0x0000000703800000, 0x0000000703800000, 0x0000000703a00000|  0%| F|  |TAMS 0x0000000703800000, 0x0000000703800000| Untracked 
|  15|0x0000000703a00000, 0x0000000703a00000, 0x0000000703c00000|  0%| F|  |TAMS 0x0000000703a00000, 0x0000000703a00000| Untracked 
|  16|0x0000000703c00000, 0x0000000703c00000, 0x0000000703e00000|  0%| F|  |TAMS 0x0000000703c00000, 0x0000000703c00000| Untracked 
|  17|0x0000000703e00000, 0x0000000703e00000, 0x0000000704000000|  0%| F|  |TAMS 0x0000000703e00000, 0x0000000703e00000| Untracked 
|  18|0x0000000704000000, 0x0000000704000000, 0x0000000704200000|  0%| F|  |TAMS 0x0000000704000000, 0x0000000704000000| Untracked 
|  19|0x0000000704200000, 0x0000000704200000, 0x0000000704400000|  0%| F|  |TAMS 0x0000000704200000, 0x0000000704200000| Untracked 
|  20|0x0000000704400000, 0x0000000704400000, 0x0000000704600000|  0%| F|  |TAMS 0x0000000704400000, 0x0000000704400000| Untracked 
|  21|0x0000000704600000, 0x0000000704600000, 0x0000000704800000|  0%| F|  |TAMS 0x0000000704600000, 0x0000000704600000| Untracked 
|  22|0x0000000704800000, 0x0000000704800000, 0x0000000704a00000|  0%| F|  |TAMS 0x0000000704800000, 0x0000000704800000| Untracked 
|  23|0x0000000704a00000, 0x0000000704a00000, 0x0000000704c00000|  0%| F|  |TAMS 0x0000000704a00000, 0x0000000704a00000| Untracked 
|  24|0x0000000704c00000, 0x0000000704c00000, 0x0000000704e00000|  0%| F|  |TAMS 0x0000000704c00000, 0x0000000704c00000| Untracked 
|  25|0x0000000704e00000, 0x0000000704e00000, 0x0000000705000000|  0%| F|  |TAMS 0x0000000704e00000, 0x0000000704e00000| Untracked 
|  26|0x0000000705000000, 0x0000000705000000, 0x0000000705200000|  0%| F|  |TAMS 0x0000000705000000, 0x0000000705000000| Untracked 
|  27|0x0000000705200000, 0x0000000705200000, 0x0000000705400000|  0%| F|  |TAMS 0x0000000705200000, 0x0000000705200000| Untracked 
|  28|0x0000000705400000, 0x0000000705400000, 0x0000000705600000|  0%| F|  |TAMS 0x0000000705400000, 0x0000000705400000| Untracked 
|  29|0x0000000705600000, 0x0000000705600000, 0x0000000705800000|  0%| F|  |TAMS 0x0000000705600000, 0x0000000705600000| Untracked 
|  30|0x0000000705800000, 0x0000000705800000, 0x0000000705a00000|  0%| F|  |TAMS 0x0000000705800000, 0x0000000705800000| Untracked 
|  31|0x0000000705a00000, 0x0000000705a00000, 0x0000000705c00000|  0%| F|  |TAMS 0x0000000705a00000, 0x0000000705a00000| Untracked 
|  32|0x0000000705c00000, 0x0000000705c00000, 0x0000000705e00000|  0%| F|  |TAMS 0x0000000705c00000, 0x0000000705c00000| Untracked 
|  33|0x0000000705e00000, 0x0000000705e00000, 0x0000000706000000|  0%| F|  |TAMS 0x0000000705e00000, 0x0000000705e00000| Untracked 
|  34|0x0000000706000000, 0x0000000706000000, 0x0000000706200000|  0%| F|  |TAMS 0x0000000706000000, 0x0000000706000000| Untracked 
|  35|0x0000000706200000, 0x0000000706200000, 0x0000000706400000|  0%| F|  |TAMS 0x0000000706200000, 0x0000000706200000| Untracked 
|  36|0x0000000706400000, 0x0000000706400000, 0x0000000706600000|  0%| F|  |TAMS 0x0000000706400000, 0x0000000706400000| Untracked 
|  37|0x0000000706600000, 0x0000000706600000, 0x0000000706800000|  0%| F|  |TAMS 0x0000000706600000, 0x0000000706600000| Untracked 
|  38|0x0000000706800000, 0x0000000706800000, 0x0000000706a00000|  0%| F|  |TAMS 0x0000000706800000, 0x0000000706800000| Untracked 
|  39|0x0000000706a00000, 0x0000000706a00000, 0x0000000706c00000|  0%| F|  |TAMS 0x0000000706a00000, 0x0000000706a00000| Untracked 
|  40|0x0000000706c00000, 0x0000000706c00000, 0x0000000706e00000|  0%| F|  |TAMS 0x0000000706c00000, 0x0000000706c00000| Untracked 
|  41|0x0000000706e00000, 0x0000000706e00000, 0x0000000707000000|  0%| F|  |TAMS 0x0000000706e00000, 0x0000000706e00000| Untracked 
|  42|0x0000000707000000, 0x0000000707000000, 0x0000000707200000|  0%| F|  |TAMS 0x0000000707000000, 0x0000000707000000| Untracked 
|  43|0x0000000707200000, 0x0000000707200000, 0x0000000707400000|  0%| F|  |TAMS 0x0000000707200000, 0x0000000707200000| Untracked 
|  44|0x0000000707400000, 0x0000000707400000, 0x0000000707600000|  0%| F|  |TAMS 0x0000000707400000, 0x0000000707400000| Untracked 
|  45|0x0000000707600000, 0x0000000707600000, 0x0000000707800000|  0%| F|  |TAMS 0x0000000707600000, 0x0000000707600000| Untracked 
|  46|0x0000000707800000, 0x0000000707800000, 0x0000000707a00000|  0%| F|  |TAMS 0x0000000707800000, 0x0000000707800000| Untracked 
|  47|0x0000000707a00000, 0x0000000707a00000, 0x0000000707c00000|  0%| F|  |TAMS 0x0000000707a00000, 0x0000000707a00000| Untracked 
|  48|0x0000000707c00000, 0x0000000707c00000, 0x0000000707e00000|  0%| F|  |TAMS 0x0000000707c00000, 0x0000000707c00000| Untracked 
|  49|0x0000000707e00000, 0x0000000707e00000, 0x0000000708000000|  0%| F|  |TAMS 0x0000000707e00000, 0x0000000707e00000| Untracked 
|  50|0x0000000708000000, 0x0000000708000000, 0x0000000708200000|  0%| F|  |TAMS 0x0000000708000000, 0x0000000708000000| Untracked 
|  51|0x0000000708200000, 0x0000000708200000, 0x0000000708400000|  0%| F|  |TAMS 0x0000000708200000, 0x0000000708200000| Untracked 
|  52|0x0000000708400000, 0x0000000708400000, 0x0000000708600000|  0%| F|  |TAMS 0x0000000708400000, 0x0000000708400000| Untracked 
|  53|0x0000000708600000, 0x0000000708600000, 0x0000000708800000|  0%| F|  |TAMS 0x0000000708600000, 0x0000000708600000| Untracked 
|  54|0x0000000708800000, 0x0000000708800000, 0x0000000708a00000|  0%| F|  |TAMS 0x0000000708800000, 0x0000000708800000| Untracked 
|  55|0x0000000708a00000, 0x0000000708a00000, 0x0000000708c00000|  0%| F|  |TAMS 0x0000000708a00000, 0x0000000708a00000| Untracked 
|  56|0x0000000708c00000, 0x0000000708c00000, 0x0000000708e00000|  0%| F|  |TAMS 0x0000000708c00000, 0x0000000708c00000| Untracked 
|  57|0x0000000708e00000, 0x0000000708e00000, 0x0000000709000000|  0%| F|  |TAMS 0x0000000708e00000, 0x0000000708e00000| Untracked 
|  58|0x0000000709000000, 0x0000000709000000, 0x0000000709200000|  0%| F|  |TAMS 0x0000000709000000, 0x0000000709000000| Untracked 
|  59|0x0000000709200000, 0x0000000709200000, 0x0000000709400000|  0%| F|  |TAMS 0x0000000709200000, 0x0000000709200000| Untracked 
|  60|0x0000000709400000, 0x0000000709400000, 0x0000000709600000|  0%| F|  |TAMS 0x0000000709400000, 0x0000000709400000| Untracked 
|  61|0x0000000709600000, 0x0000000709600000, 0x0000000709800000|  0%| F|  |TAMS 0x0000000709600000, 0x0000000709600000| Untracked 
|  62|0x0000000709800000, 0x0000000709800000, 0x0000000709a00000|  0%| F|  |TAMS 0x0000000709800000, 0x0000000709800000| Untracked 
|  63|0x0000000709a00000, 0x0000000709a00000, 0x0000000709c00000|  0%| F|  |TAMS 0x0000000709a00000, 0x0000000709a00000| Untracked 
|  64|0x0000000709c00000, 0x0000000709c00000, 0x0000000709e00000|  0%| F|  |TAMS 0x0000000709c00000, 0x0000000709c00000| Untracked 
|  65|0x0000000709e00000, 0x0000000709e00000, 0x000000070a000000|  0%| F|  |TAMS 0x0000000709e00000, 0x0000000709e00000| Untracked 
|  66|0x000000070a000000, 0x000000070a000000, 0x000000070a200000|  0%| F|  |TAMS 0x000000070a000000, 0x000000070a000000| Untracked 
|  67|0x000000070a200000, 0x000000070a200000, 0x000000070a400000|  0%| F|  |TAMS 0x000000070a200000, 0x000000070a200000| Untracked 
|  68|0x000000070a400000, 0x000000070a400000, 0x000000070a600000|  0%| F|  |TAMS 0x000000070a400000, 0x000000070a400000| Untracked 
|  69|0x000000070a600000, 0x000000070a600000, 0x000000070a800000|  0%| F|  |TAMS 0x000000070a600000, 0x000000070a600000| Untracked 
|  70|0x000000070a800000, 0x000000070a800000, 0x000000070aa00000|  0%| F|  |TAMS 0x000000070a800000, 0x000000070a800000| Untracked 
|  71|0x000000070aa00000, 0x000000070aa00000, 0x000000070ac00000|  0%| F|  |TAMS 0x000000070aa00000, 0x000000070aa00000| Untracked 
|  72|0x000000070ac00000, 0x000000070ac00000, 0x000000070ae00000|  0%| F|  |TAMS 0x000000070ac00000, 0x000000070ac00000| Untracked 
|  73|0x000000070ae00000, 0x000000070ae00000, 0x000000070b000000|  0%| F|  |TAMS 0x000000070ae00000, 0x000000070ae00000| Untracked 
|  74|0x000000070b000000, 0x000000070b000000, 0x000000070b200000|  0%| F|  |TAMS 0x000000070b000000, 0x000000070b000000| Untracked 
|  75|0x000000070b200000, 0x000000070b200000, 0x000000070b400000|  0%| F|  |TAMS 0x000000070b200000, 0x000000070b200000| Untracked 
|  76|0x000000070b400000, 0x000000070b400000, 0x000000070b600000|  0%| F|  |TAMS 0x000000070b400000, 0x000000070b400000| Untracked 
|  77|0x000000070b600000, 0x000000070b600000, 0x000000070b800000|  0%| F|  |TAMS 0x000000070b600000, 0x000000070b600000| Untracked 
|  78|0x000000070b800000, 0x000000070b800000, 0x000000070ba00000|  0%| F|  |TAMS 0x000000070b800000, 0x000000070b800000| Untracked 
|  79|0x000000070ba00000, 0x000000070ba00000, 0x000000070bc00000|  0%| F|  |TAMS 0x000000070ba00000, 0x000000070ba00000| Untracked 
|  80|0x000000070bc00000, 0x000000070bc00000, 0x000000070be00000|  0%| F|  |TAMS 0x000000070bc00000, 0x000000070bc00000| Untracked 
|  81|0x000000070be00000, 0x000000070be00000, 0x000000070c000000|  0%| F|  |TAMS 0x000000070be00000, 0x000000070be00000| Untracked 
|  82|0x000000070c000000, 0x000000070c000000, 0x000000070c200000|  0%| F|  |TAMS 0x000000070c000000, 0x000000070c000000| Untracked 
|  83|0x000000070c200000, 0x000000070c200000, 0x000000070c400000|  0%| F|  |TAMS 0x000000070c200000, 0x000000070c200000| Untracked 
|  84|0x000000070c400000, 0x000000070c400000, 0x000000070c600000|  0%| F|  |TAMS 0x000000070c400000, 0x000000070c400000| Untracked 
|  85|0x000000070c600000, 0x000000070c600000, 0x000000070c800000|  0%| F|  |TAMS 0x000000070c600000, 0x000000070c600000| Untracked 
|  86|0x000000070c800000, 0x000000070c800000, 0x000000070ca00000|  0%| F|  |TAMS 0x000000070c800000, 0x000000070c800000| Untracked 
|  87|0x000000070ca00000, 0x000000070ca00000, 0x000000070cc00000|  0%| F|  |TAMS 0x000000070ca00000, 0x000000070ca00000| Untracked 
|  88|0x000000070cc00000, 0x000000070cc00000, 0x000000070ce00000|  0%| F|  |TAMS 0x000000070cc00000, 0x000000070cc00000| Untracked 
|  89|0x000000070ce00000, 0x000000070ce00000, 0x000000070d000000|  0%| F|  |TAMS 0x000000070ce00000, 0x000000070ce00000| Untracked 
|  90|0x000000070d000000, 0x000000070d000000, 0x000000070d200000|  0%| F|  |TAMS 0x000000070d000000, 0x000000070d000000| Untracked 
|  91|0x000000070d200000, 0x000000070d200000, 0x000000070d400000|  0%| F|  |TAMS 0x000000070d200000, 0x000000070d200000| Untracked 
|  92|0x000000070d400000, 0x000000070d400000, 0x000000070d600000|  0%| F|  |TAMS 0x000000070d400000, 0x000000070d400000| Untracked 
|  93|0x000000070d600000, 0x000000070d600000, 0x000000070d800000|  0%| F|  |TAMS 0x000000070d600000, 0x000000070d600000| Untracked 
|  94|0x000000070d800000, 0x000000070d800000, 0x000000070da00000|  0%| F|  |TAMS 0x000000070d800000, 0x000000070d800000| Untracked 
|  95|0x000000070da00000, 0x000000070da00000, 0x000000070dc00000|  0%| F|  |TAMS 0x000000070da00000, 0x000000070da00000| Untracked 
|  96|0x000000070dc00000, 0x000000070dc00000, 0x000000070de00000|  0%| F|  |TAMS 0x000000070dc00000, 0x000000070dc00000| Untracked 
|  97|0x000000070de00000, 0x000000070de00000, 0x000000070e000000|  0%| F|  |TAMS 0x000000070de00000, 0x000000070de00000| Untracked 
|  98|0x000000070e000000, 0x000000070e000000, 0x000000070e200000|  0%| F|  |TAMS 0x000000070e000000, 0x000000070e000000| Untracked 
|  99|0x000000070e200000, 0x000000070e200000, 0x000000070e400000|  0%| F|  |TAMS 0x000000070e200000, 0x000000070e200000| Untracked 
| 100|0x000000070e400000, 0x000000070e400000, 0x000000070e600000|  0%| F|  |TAMS 0x000000070e400000, 0x000000070e400000| Untracked 
| 101|0x000000070e600000, 0x000000070e600000, 0x000000070e800000|  0%| F|  |TAMS 0x000000070e600000, 0x000000070e600000| Untracked 
| 102|0x000000070e800000, 0x000000070e800000, 0x000000070ea00000|  0%| F|  |TAMS 0x000000070e800000, 0x000000070e800000| Untracked 
| 103|0x000000070ea00000, 0x000000070ea00000, 0x000000070ec00000|  0%| F|  |TAMS 0x000000070ea00000, 0x000000070ea00000| Untracked 
| 104|0x000000070ec00000, 0x000000070ec00000, 0x000000070ee00000|  0%| F|  |TAMS 0x000000070ec00000, 0x000000070ec00000| Untracked 
| 105|0x000000070ee00000, 0x000000070ee00000, 0x000000070f000000|  0%| F|  |TAMS 0x000000070ee00000, 0x000000070ee00000| Untracked 
| 106|0x000000070f000000, 0x000000070f000000, 0x000000070f200000|  0%| F|  |TAMS 0x000000070f000000, 0x000000070f000000| Untracked 
| 107|0x000000070f200000, 0x000000070f200000, 0x000000070f400000|  0%| F|  |TAMS 0x000000070f200000, 0x000000070f200000| Untracked 
| 108|0x000000070f400000, 0x000000070f400000, 0x000000070f600000|  0%| F|  |TAMS 0x000000070f400000, 0x000000070f400000| Untracked 
| 109|0x000000070f600000, 0x000000070f600000, 0x000000070f800000|  0%| F|  |TAMS 0x000000070f600000, 0x000000070f600000| Untracked 
| 110|0x000000070f800000, 0x000000070f800000, 0x000000070fa00000|  0%| F|  |TAMS 0x000000070f800000, 0x000000070f800000| Untracked 
| 111|0x000000070fa00000, 0x000000070fa00000, 0x000000070fc00000|  0%| F|  |TAMS 0x000000070fa00000, 0x000000070fa00000| Untracked 
| 112|0x000000070fc00000, 0x000000070fc00000, 0x000000070fe00000|  0%| F|  |TAMS 0x000000070fc00000, 0x000000070fc00000| Untracked 
| 113|0x000000070fe00000, 0x000000070fe00000, 0x0000000710000000|  0%| F|  |TAMS 0x000000070fe00000, 0x000000070fe00000| Untracked 
| 114|0x0000000710000000, 0x0000000710000000, 0x0000000710200000|  0%| F|  |TAMS 0x0000000710000000, 0x0000000710000000| Untracked 
| 115|0x0000000710200000, 0x0000000710200000, 0x0000000710400000|  0%| F|  |TAMS 0x0000000710200000, 0x0000000710200000| Untracked 
| 116|0x0000000710400000, 0x0000000710400000, 0x0000000710600000|  0%| F|  |TAMS 0x0000000710400000, 0x0000000710400000| Untracked 
| 117|0x0000000710600000, 0x0000000710600000, 0x0000000710800000|  0%| F|  |TAMS 0x0000000710600000, 0x0000000710600000| Untracked 
| 118|0x0000000710800000, 0x0000000710800000, 0x0000000710a00000|  0%| F|  |TAMS 0x0000000710800000, 0x0000000710800000| Untracked 
| 119|0x0000000710a00000, 0x0000000710a00000, 0x0000000710c00000|  0%| F|  |TAMS 0x0000000710a00000, 0x0000000710a00000| Untracked 
| 120|0x0000000710c00000, 0x0000000710c00000, 0x0000000710e00000|  0%| F|  |TAMS 0x0000000710c00000, 0x0000000710c00000| Untracked 
| 121|0x0000000710e00000, 0x0000000710e00000, 0x0000000711000000|  0%| F|  |TAMS 0x0000000710e00000, 0x0000000710e00000| Untracked 
| 122|0x0000000711000000, 0x00000007110f9910, 0x0000000711200000| 48%| E|  |TAMS 0x0000000711000000, 0x0000000711000000| Complete 
| 123|0x0000000711200000, 0x0000000711400000, 0x0000000711400000|100%| E|CS|TAMS 0x0000000711200000, 0x0000000711200000| Complete 
| 124|0x0000000711400000, 0x0000000711600000, 0x0000000711600000|100%| E|  |TAMS 0x0000000711400000, 0x0000000711400000| Complete 
| 125|0x0000000711600000, 0x0000000711800000, 0x0000000711800000|100%| E|CS|TAMS 0x0000000711600000, 0x0000000711600000| Complete 
| 126|0x0000000711800000, 0x0000000711a00000, 0x0000000711a00000|100%| E|CS|TAMS 0x0000000711800000, 0x0000000711800000| Complete 
| 127|0x0000000711a00000, 0x0000000711c00000, 0x0000000711c00000|100%| E|CS|TAMS 0x0000000711a00000, 0x0000000711a00000| Complete 

Card table byte_map: [0x000001ed28470000,0x000001ed28c70000] _byte_map_base: 0x000001ed24c62000

Marking Bits (Prev, Next): (CMBitMap*) 0x000001ed114c2f10, (CMBitMap*) 0x000001ed114c2f50
 Prev Bits: [0x000001ed29470000, 0x000001ed2d400000)
 Next Bits: [0x000001ed2d400000, 0x000001ed31390000)

Polling page: 0x000001ed0f340000

Metaspace:

Usage:
  Non-class:      1.48 MB used.
      Class:    152.35 KB used.
       Both:      1.63 MB used.

Virtual space:
  Non-class space:        8.00 MB reserved,       1.50 MB ( 19%) committed,  1 nodes.
      Class space:        1.00 GB reserved,     192.00 KB ( <1%) committed,  1 nodes.
             Both:        1.01 GB reserved,       1.69 MB ( <1%) committed. 

Chunk freelists:
   Non-Class:  3.26 MB
       Class:  3.64 MB
        Both:  6.89 MB

MaxMetaspaceSize: unlimited
CompressedClassSpaceSize: 1.00 GB
Initial GC threshold: 21.00 MB
Current GC threshold: 21.00 MB
CDS: on
MetaspaceReclaimPolicy: balanced
 - commit_granule_bytes: 65536.
 - commit_granule_words: 8192.
 - virtual_space_node_default_size: 1048576.
 - enlarge_chunks_in_place: 1.
 - new_chunks_are_fully_committed: 0.
 - uncommit_free_chunks: 1.
 - use_allocation_guard: 0.
 - handle_deallocations: 1.


Internal statistics:

num_allocs_failed_limit: 0.
num_arena_births: 24.
num_arena_deaths: 0.
num_vsnodes_births: 2.
num_vsnodes_deaths: 0.
num_space_committed: 27.
num_space_uncommitted: 0.
num_chunks_returned_to_freelist: 0.
num_chunks_taken_from_freelist: 68.
num_chunk_merges: 0.
num_chunk_splits: 39.
num_chunks_enlarged: 29.
num_purges: 0.
num_inconsistent_stats: 0.

CodeHeap 'non-profiled nmethods': size=120000Kb used=134Kb max_used=134Kb free=119865Kb
 bounds [0x000001ed20740000, 0x000001ed209b0000, 0x000001ed27c70000]
CodeHeap 'profiled nmethods': size=120000Kb used=719Kb max_used=719Kb free=119280Kb
 bounds [0x000001ed19210000, 0x000001ed19480000, 0x000001ed20740000]
CodeHeap 'non-nmethods': size=5760Kb used=1110Kb max_used=1125Kb free=4649Kb
 bounds [0x000001ed18c70000, 0x000001ed18ee0000, 0x000001ed19210000]
 total_blobs=875 nmethods=485 adapters=303
 compilation: enabled
              stopped_count=0, restarted_count=0
 full_count=0

Compilation events (20 events):
Event: 1.354 Thread 0x000001ed3387edb0  471       4       java.util.Objects::requireNonNull (14 bytes)
Event: 1.355 Thread 0x000001ed3387edb0 nmethod 471 0x000001ed20760490 code [0x000001ed20760600, 0x000001ed20760678]
Event: 1.355 Thread 0x000001ed338be940  473       3       java.lang.invoke.MethodType::parameterCount (6 bytes)
Event: 1.355 Thread 0x000001ed338be940 nmethod 473 0x000001ed192bff90 code [0x000001ed192c0120, 0x000001ed192c0238]
Event: 1.356 Thread 0x000001ed338be940  474       3       java.lang.invoke.MethodType::equals (56 bytes)
Event: 1.356 Thread 0x000001ed338be940 nmethod 474 0x000001ed192c0310 code [0x000001ed192c0540, 0x000001ed192c10f8]
Event: 1.360 Thread 0x000001ed338be940  477       3       jdk.internal.loader.URLClassPath::getResource (74 bytes)
Event: 1.360 Thread 0x000001ed338be940 nmethod 477 0x000001ed192c1290 code [0x000001ed192c1460, 0x000001ed192c17b8]
Event: 1.361 Thread 0x000001ed338be940  479       1       java.lang.invoke.MethodTypeForm::erasedType (5 bytes)
Event: 1.361 Thread 0x000001ed338be940 nmethod 479 0x000001ed20761510 code [0x000001ed207616a0, 0x000001ed20761778]
Event: 1.364 Thread 0x000001ed338be940  481       3       java.util.concurrent.ConcurrentHashMap$Traverser::advance (188 bytes)
Event: 1.365 Thread 0x000001ed338be940 nmethod 481 0x000001ed192c1910 code [0x000001ed192c1b60, 0x000001ed192c2788]
Event: 1.365 Thread 0x000001ed338be940  482       3       jdk.internal.jimage.ImageStringsReader::match (11 bytes)
Event: 1.365 Thread 0x000001ed338be940 nmethod 482 0x000001ed192c2a10 code [0x000001ed192c2bc0, 0x000001ed192c2d88]
Event: 1.365 Thread 0x000001ed338be940  483       3       jdk.internal.jimage.BasicImageReader::match (37 bytes)
Event: 1.365 Thread 0x000001ed338be940 nmethod 483 0x000001ed192c2e90 code [0x000001ed192c3040, 0x000001ed192c3298]
Event: 1.365 Thread 0x000001ed338be940  484       3       java.lang.String::toLowerCase (8 bytes)
Event: 1.366 Thread 0x000001ed338be940 nmethod 484 0x000001ed192c3390 code [0x000001ed192c3560, 0x000001ed192c38f8]
Event: 1.366 Thread 0x000001ed338be940  485       3       java.util.Locale::getDefault (4 bytes)
Event: 1.366 Thread 0x000001ed338be940 nmethod 485 0x000001ed192c3a10 code [0x000001ed192c3ba0, 0x000001ed192c3c98]

GC Heap History (0 events):
No events

Deoptimization events (6 events):
Event: 0.532 Thread 0x000001ed114715e0 Uncommon trap: trap_request=0xffffff45 fr.pc=0x000001ed20741380 relative=0x0000000000000080
Event: 0.532 Thread 0x000001ed114715e0 Uncommon trap: reason=unstable_if action=reinterpret pc=0x000001ed20741380 method=java.lang.String.isLatin1()Z @ 10 c2
Event: 0.533 Thread 0x000001ed114715e0 DEOPT PACKING pc=0x000001ed20741380 sp=0x000000b9147fee90
Event: 0.533 Thread 0x000001ed114715e0 DEOPT UNPACKING pc=0x000001ed18cc23a3 sp=0x000000b9147fedd0 mode 2
Event: 0.758 Thread 0x000001ed114715e0 DEOPT PACKING pc=0x000001ed192197e7 sp=0x000000b9147fd700
Event: 0.758 Thread 0x000001ed114715e0 DEOPT UNPACKING pc=0x000001ed18cc2b43 sp=0x000000b9147fcb20 mode 0

Classes unloaded (0 events):
No events

Classes redefined (0 events):
No events

Internal exceptions (9 events):
Event: 1.067 Thread 0x000001ed114715e0 Exception <a 'java/lang/NoSuchMethodError'{0x00000007114c2640}: 'java.lang.Object java.lang.invoke.DirectMethodHandle$Holder.invokeStaticInit(java.lang.Object, java.lang.Object, java.lang.Object)'> (0x00000007114c2640) 
thrown [t:\workspace\open\src\hotspot\share\interpreter\linkResolver.cpp, line 766]
Event: 1.242 Thread 0x000001ed114715e0 Exception <a 'java/lang/NoSuchMethodError'{0x00000007113d0b40}: 'void java.lang.invoke.DirectMethodHandle$Holder.invokeStatic(java.lang.Object, java.lang.Object, java.lang.Object, java.lang.Object)'> (0x00000007113d0b40) 
thrown [t:\workspace\open\src\hotspot\share\interpreter\linkResolver.cpp, line 766]
Event: 1.261 Thread 0x000001ed114715e0 Exception <a 'java/lang/NoSuchMethodError'{0x0000000711004e30}: 'int java.lang.invoke.DirectMethodHandle$Holder.invokeStatic(java.lang.Object, java.lang.Object, int)'> (0x0000000711004e30) 
thrown [t:\workspace\open\src\hotspot\share\interpreter\linkResolver.cpp, line 766]
Event: 1.293 Thread 0x000001ed114715e0 Exception <a 'java/lang/NoSuchMethodError'{0x000000071103d840}: 'int java.lang.invoke.DirectMethodHandle$Holder.invokeStatic(java.lang.Object)'> (0x000000071103d840) 
thrown [t:\workspace\open\src\hotspot\share\interpreter\linkResolver.cpp, line 766]
Event: 1.293 Thread 0x000001ed114715e0 Exception <a 'java/lang/NoSuchMethodError'{0x0000000711040f48}: 'int java.lang.invoke.DirectMethodHandle$Holder.invokeStaticInit(java.lang.Object)'> (0x0000000711040f48) 
thrown [t:\workspace\open\src\hotspot\share\interpreter\linkResolver.cpp, line 766]
Event: 1.301 Thread 0x000001ed114715e0 Exception <a 'java/lang/NoSuchMethodError'{0x000000071105bd38}: 'java.lang.Object java.lang.invoke.DirectMethodHandle$Holder.invokeStaticInit(java.lang.Object)'> (0x000000071105bd38) 
thrown [t:\workspace\open\src\hotspot\share\interpreter\linkResolver.cpp, line 766]
Event: 1.321 Thread 0x000001ed114715e0 Exception <a 'java/lang/NoSuchMethodError'{0x0000000711084708}: 'void java.lang.invoke.DirectMethodHandle$Holder.invokeStatic(java.lang.Object, java.lang.Object, java.lang.Object)'> (0x0000000711084708) 
thrown [t:\workspace\open\src\hotspot\share\interpreter\linkResolver.cpp, line 766]
Event: 1.343 Thread 0x000001ed114715e0 Exception <a 'java/lang/NoSuchMethodError'{0x00000007110a27b0}: 'java.lang.Object java.lang.invoke.DirectMethodHandle$Holder.invokeStatic(java.lang.Object, int, java.lang.Object)'> (0x00000007110a27b0) 
thrown [t:\workspace\open\src\hotspot\share\interpreter\linkResolver.cpp, line 766]
Event: 1.357 Thread 0x000001ed114715e0 Exception <a 'java/lang/NoSuchMethodError'{0x00000007110afe40}: 'java.lang.Object java.lang.invoke.DirectMethodHandle$Holder.invokeInterface(java.lang.Object, java.lang.Object)'> (0x00000007110afe40) 
thrown [t:\workspace\open\src\hotspot\share\interpreter\linkResolver.cpp, line 766]

VM Operations (6 events):
Event: 0.652 Executing VM operation: HandshakeAllThreads
Event: 0.652 Executing VM operation: HandshakeAllThreads done
Event: 1.235 Executing VM operation: HandshakeAllThreads
Event: 1.235 Executing VM operation: HandshakeAllThreads done
Event: 1.235 Executing VM operation: Cleanup
Event: 1.235 Executing VM operation: Cleanup done

Events (20 events):
Event: 1.350 loading class java/lang/StackStreamFactory$WalkerState done
Event: 1.350 loading class java/lang/StackStreamFactory$1
Event: 1.351 loading class java/lang/StackStreamFactory$1 done
Event: 1.351 loading class java/lang/StackStreamFactory$StackFrameTraverser$StackFrameBuffer
Event: 1.351 loading class java/lang/StackStreamFactory$FrameBuffer
Event: 1.351 loading class java/lang/StackStreamFactory$FrameBuffer done
Event: 1.351 loading class java/lang/StackStreamFactory$StackFrameTraverser$StackFrameBuffer done
Event: 1.352 loading class java/util/stream/SliceOps
Event: 1.352 loading class java/util/stream/SliceOps done
Event: 1.352 loading class java/util/stream/SliceOps$1
Event: 1.353 loading class java/util/stream/SliceOps$1 done
Event: 1.357 loading class java/util/stream/SliceOps$1$1
Event: 1.357 loading class java/util/stream/SliceOps$1$1 done
Event: 1.365 loading class sun/net/www/protocol/jar/JarURLConnection
Event: 1.365 loading class java/net/JarURLConnection
Event: 1.367 loading class java/net/URLConnection
Event: 1.368 loading class java/net/URLConnection done
Event: 1.368 loading class java/net/JarURLConnection done
Event: 1.368 loading class sun/net/www/protocol/jar/JarURLConnection done
Event: 1.368 loading class sun/net/www/protocol/jar/JarFileFactory


Dynamic libraries:
0x00007ff65a780000 - 0x00007ff65a790000 	C:\Program Files\Java\jdk-17\bin\javaw.exe
0x00007ffbb02b0000 - 0x00007ffbb04a8000 	C:\Windows\SYSTEM32\ntdll.dll
0x00007ffbaf690000 - 0x00007ffbaf752000 	C:\Windows\System32\KERNEL32.DLL
0x00007ffbadd20000 - 0x00007ffbae016000 	C:\Windows\System32\KERNELBASE.dll
0x00007ffbad9d0000 - 0x00007ffbadad0000 	C:\Windows\System32\ucrtbase.dll
0x00007ffba7fd0000 - 0x00007ffba7fe8000 	C:\Program Files\Java\jdk-17\bin\jli.dll
0x00007ffbaf9b0000 - 0x00007ffbafa61000 	C:\Windows\System32\ADVAPI32.dll
0x00007ffbafef0000 - 0x00007ffbaff8e000 	C:\Windows\System32\msvcrt.dll
0x00007ffbaf760000 - 0x00007ffbaf7ff000 	C:\Windows\System32\sechost.dll
0x00007ffbaf800000 - 0x00007ffbaf920000 	C:\Windows\System32\RPCRT4.dll
0x00007ffbadcf0000 - 0x00007ffbadd17000 	C:\Windows\System32\bcrypt.dll
0x00007ffbafff0000 - 0x00007ffbb0191000 	C:\Windows\System32\USER32.dll
0x00007ffbae140000 - 0x00007ffbae162000 	C:\Windows\System32\win32u.dll
0x00007ffbafec0000 - 0x00007ffbafeeb000 	C:\Windows\System32\GDI32.dll
0x00007ffbae020000 - 0x00007ffbae139000 	C:\Windows\System32\gdi32full.dll
0x00007ffbadbd0000 - 0x00007ffbadc6d000 	C:\Windows\System32\msvcp_win.dll
0x00007ffb93870000 - 0x00007ffb9388a000 	C:\Program Files\Java\jdk-17\bin\VCRUNTIME140.dll
0x00007ffb997c0000 - 0x00007ffb99a5b000 	C:\Windows\WinSxS\amd64_microsoft.windows.common-controls_6595b64144ccf1df_6.0.19041.6456_none_60b8a6cb71f64256\COMCTL32.dll
0x00007ffba4570000 - 0x00007ffba457a000 	C:\Windows\SYSTEM32\VERSION.dll
0x00007ffbaea80000 - 0x00007ffbaeaaf000 	C:\Windows\System32\IMM32.DLL
0x00007ffba7fc0000 - 0x00007ffba7fcc000 	C:\Program Files\Java\jdk-17\bin\vcruntime140_1.dll
0x00007ffb81dc0000 - 0x00007ffb81e4d000 	C:\Program Files\Java\jdk-17\bin\msvcp140.dll
0x00007ffb225f0000 - 0x00007ffb231ae000 	C:\Program Files\Java\jdk-17\bin\server\jvm.dll
0x00007ffbafeb0000 - 0x00007ffbafeb8000 	C:\Windows\System32\PSAPI.DLL
0x00007ffba6860000 - 0x00007ffba6869000 	C:\Windows\SYSTEM32\WSOCK32.dll
0x00007ffbaf940000 - 0x00007ffbaf9ab000 	C:\Windows\System32\WS2_32.dll
0x00007ffb995e0000 - 0x00007ffb99607000 	C:\Windows\SYSTEM32\WINMM.dll
0x00007ffbac150000 - 0x00007ffbac162000 	C:\Windows\SYSTEM32\kernel.appcore.dll
0x00007ffba2cf0000 - 0x00007ffba2cfa000 	C:\Program Files\Java\jdk-17\bin\jimage.dll
0x00007ffbab640000 - 0x00007ffbab841000 	C:\Windows\SYSTEM32\DBGHELP.DLL
0x00007ffb88ea0000 - 0x00007ffb88ed4000 	C:\Windows\SYSTEM32\dbgcore.DLL
0x00007ffbad940000 - 0x00007ffbad9c2000 	C:\Windows\System32\bcryptPrimitives.dll
0x00007ffb93820000 - 0x00007ffb93845000 	C:\Program Files\Java\jdk-17\bin\java.dll
0x00007ffb7fe20000 - 0x00007ffb7fef6000 	C:\Program Files\Java\jdk-17\bin\svml.dll
0x00007ffbaeab0000 - 0x00007ffbaf220000 	C:\Windows\System32\SHELL32.dll
0x00007ffbab850000 - 0x00007ffbabff5000 	C:\Windows\SYSTEM32\windows.storage.dll
0x00007ffbafa70000 - 0x00007ffbafdc4000 	C:\Windows\System32\combase.dll
0x00007ffbad290000 - 0x00007ffbad2bb000 	C:\Windows\SYSTEM32\Wldp.dll
0x00007ffbb01a0000 - 0x00007ffbb026d000 	C:\Windows\System32\OLEAUT32.dll
0x00007ffbaf2b0000 - 0x00007ffbaf35d000 	C:\Windows\System32\SHCORE.dll
0x00007ffbaff90000 - 0x00007ffbaffeb000 	C:\Windows\System32\shlwapi.dll
0x00007ffbad870000 - 0x00007ffbad894000 	C:\Windows\SYSTEM32\profapi.dll
0x00007ffb93800000 - 0x00007ffb93819000 	C:\Program Files\Java\jdk-17\bin\net.dll
0x00007ffba05d0000 - 0x00007ffba06da000 	C:\Windows\SYSTEM32\WINHTTP.dll
0x00007ffbacff0000 - 0x00007ffbad05a000 	C:\Windows\system32\mswsock.dll
0x00007ffb937a0000 - 0x00007ffb937b5000 	C:\Program Files\Java\jdk-17\bin\nio.dll
0x00007ffb93780000 - 0x00007ffb93798000 	C:\Program Files\Java\jdk-17\bin\zip.dll

dbghelp: loaded successfully - version: 4.0.5 - missing functions: none
symbol engine: initialized successfully - sym options: 0x614 - pdb path: .;C:\Program Files\Java\jdk-17\bin;C:\Windows\SYSTEM32;C:\Windows\WinSxS\amd64_microsoft.windows.common-controls_6595b64144ccf1df_6.0.19041.6456_none_60b8a6cb71f64256;C:\Program Files\Java\jdk-17\bin\server

VM Arguments:
jvm_args: -Dfile.encoding=UTF-8 -Dstdout.encoding=UTF-8 -Dstderr.encoding=UTF-8 -XX:+ShowCodeDetailsInExceptionMessages 
java_command: com.itp.ITPJan2026Springboot.ItpJan2026SpringbootApplication
java_class_path (initial): D:\EclipseJavaprogs2\ITPJan2026Springboot\target\classes;C:\Users\Umer Solanki\.m2\repository\org\springframework\boot\spring-boot-starter-data-jpa\4.1.0\spring-boot-starter-data-jpa-4.1.0.jar;C:\Users\Umer Solanki\.m2\repository\org\springframework\boot\spring-boot-starter\4.1.0\spring-boot-starter-4.1.0.jar;C:\Users\Umer Solanki\.m2\repository\org\springframework\boot\spring-boot-starter-logging\4.1.0\spring-boot-starter-logging-4.1.0.jar;C:\Users\Umer Solanki\.m2\repository\ch\qos\logback\logback-classic\1.5.34\logback-classic-1.5.34.jar;C:\Users\Umer Solanki\.m2\repository\ch\qos\logback\logback-core\1.5.34\logback-core-1.5.34.jar;C:\Users\Umer Solanki\.m2\repository\org\apache\logging\log4j\log4j-to-slf4j\2.25.4\log4j-to-slf4j-2.25.4.jar;C:\Users\Umer Solanki\.m2\repository\org\apache\logging\log4j\log4j-api\2.25.4\log4j-api-2.25.4.jar;C:\Users\Umer Solanki\.m2\repository\org\slf4j\jul-to-slf4j\2.0.18\jul-to-slf4j-2.0.18.jar;C:\Users\Umer Solanki\.m2\repository\jakarta\annotation\jakarta.annotation-api\3.0.0\jakarta.annotation-api-3.0.0.jar;C:\Users\Umer Solanki\.m2\repository\org\yaml\snakeyaml\2.6\snakeyaml-2.6.jar;C:\Users\Umer Solanki\.m2\repository\org\springframework\boot\spring-boot-starter-jdbc\4.1.0\spring-boot-starter-jdbc-4.1.0.jar;C:\Users\Umer Solanki\.m2\repository\com\zaxxer\HikariCP\7.0.2\HikariCP-7.0.2.jar;C:\Users\Umer Solanki\.m2\repository\org\slf4j\slf4j-api\2.0.18\slf4j-api-2.0.18.jar;C:\Users\Umer Solanki\.m2\repository\org\springframework\boot\spring-boot-data-jpa\4.1.0\spring-boot-data-jpa-4.1.0.jar;C:\Users\Umer Solanki\.m2\repository\org\springframework\boot\spring-boot-data-commons\4.1.0\spring-boot-data-commons-4.1.0.jar;C:\Users\Umer Solanki\.m2\repository\org\springframework\boot\spring-boot-persistence\4.1.0\spring-boot-persistence-4.1.0.jar;C:\Users\Umer Solanki\.m2\repository\org\springframework\data\spring-data-commons\4.1.0\spring-data-commons-4.1.0.jar;C:\Users\Umer Solanki\.m2\repository\org\spr
Launcher Type: SUN_STANDARD

[Global flags]
     intx CICompilerCount                          = 3                                         {product} {ergonomic}
     uint ConcGCThreads                            = 1                                         {product} {ergonomic}
     uint G1ConcRefinementThreads                  = 4                                         {product} {ergonomic}
   size_t G1HeapRegionSize                         = 2097152                                   {product} {ergonomic}
    uintx GCDrainStackTargetSize                   = 64                                        {product} {ergonomic}
   size_t InitialHeapSize                          = 268435456                                 {product} {ergonomic}
   size_t MarkStackSize                            = 4194304                                   {product} {ergonomic}
   size_t MaxHeapSize                              = 4265607168                                {product} {ergonomic}
   size_t MaxNewSize                               = 2558525440                                {product} {ergonomic}
   size_t MinHeapDeltaBytes                        = 2097152                                   {product} {ergonomic}
   size_t MinHeapSize                              = 8388608                                   {product} {ergonomic}
    uintx NonNMethodCodeHeapSize                   = 5832780                                {pd product} {ergonomic}
    uintx NonProfiledCodeHeapSize                  = 122912730                              {pd product} {ergonomic}
    uintx ProfiledCodeHeapSize                     = 122912730                              {pd product} {ergonomic}
    uintx ReservedCodeCacheSize                    = 251658240                              {pd product} {ergonomic}
     bool SegmentedCodeCache                       = true                                      {product} {ergonomic}
     bool ShowCodeDetailsInExceptionMessages       = true                                   {manageable} {command line}
   size_t SoftMaxHeapSize                          = 4265607168                             {manageable} {ergonomic}
     bool UseCompressedClassPointers               = true                           {product lp64_product} {ergonomic}
     bool UseCompressedOops                        = true                           {product lp64_product} {ergonomic}
     bool UseG1GC                                  = true                                      {product} {ergonomic}
     bool UseLargePagesIndividualAllocation        = false                                  {pd product} {ergonomic}

Logging:
Log output configuration:
 #0: stdout all=warning uptime,level,tags
 #1: stderr all=off uptime,level,tags

Environment Variables:
PATH=C:/Users/Umer Solanki/.p2/pool/plugins/org.eclipse.justj.openjdk.hotspot.jre.full.win32.x86_64_23.0.2.v20250131-0604/jre/bin/server;C:/Users/Umer Solanki/.p2/pool/plugins/org.eclipse.justj.openjdk.hotspot.jre.full.win32.x86_64_23.0.2.v20250131-0604/jre/bin;C:\Program Files\Common Files\Oracle\Java\javapath;C:\Program Files (x86)\Common Files\Oracle\Java\javapath;C:\Python313\Scripts\;C:\Python313\;C:\Windows\system32;C:\Windows;C:\Windows\System32\Wbem;C:\Windows\System32\WindowsPowerShell\v1.0\;C:\Windows\System32\OpenSSH\;C:\Program Files\nodejs\;C:\ProgramData\chocolatey\bin;C:\Program Files\Git\cmd;C:\Users\Umer Solanki\AppData\Local\Microsoft\WindowsApps;C:\Users\Umer Solanki\AppData\Roaming\npm;C:\Users\Umer Solanki\AppData\Local\Programs\Microsoft VS Code\bin;C:\Users\Umer Solanki\AppData\Local\Programs\cursor\resources\app\bin;C:\Windows\system32;
USERNAME=Umer Solanki
OS=Windows_NT
PROCESSOR_IDENTIFIER=Intel64 Family 6 Model 78 Stepping 3, GenuineIntel



---------------  S Y S T E M  ---------------

OS:
 Windows 10 , 64 bit Build 19041 (10.0.19041.5915)
OS uptime: 4 days 0:52 hours

CPU: total 4 (initial active 4) (2 cores per cpu, 2 threads per core) family 6 model 78 stepping 3 microcode 0xec, cx8, cmov, fxsr, ht, mmx, 3dnowpref, sse, sse2, sse3, ssse3, sse4.1, sse4.2, popcnt, lzcnt, tsc, tscinvbit, avx, avx2, aes, erms, clmul, bmi1, bmi2, rtm, adx, fma, vzeroupper, clflush, clflushopt

Memory: 4k page, system-wide physical 16267M (2390M free)
TotalPageFile size 29184M (AvailPageFile size 4M)
current process WorkingSet (physical memory assigned to process): 47M, peak: 47M
current process commit charge ("private bytes"): 340M, peak: 340M

vm_info: Java HotSpot(TM) 64-Bit Server VM (17+35-LTS-2724) for windows-amd64 JRE (17+35-LTS-2724), built on Aug  5 2021 23:28:28 by "mach5one" with MS VC++ 16.8 (VS2019)

END.
